// Jest Snapshot v1, https://goo.gl/fbAQLP

exports[`renders items 1`] = `
Array [
  <div
    className="main"
  >
    <div
      className="main__heroDescriptionContainer"
    >
      <h2>
        Choose hero
      </h2>
    </div>
    <div>
      <h2>
        Marvel Heroes
      </h2>
      <button
        className="main__buttonMore"
        onClick={[Function]}
      >
        Show more
      </button>
    </div>
  </div>,
  <div
    className="loader "
  >
    <img
      alt="marvel logo"
      src={
        Object {
          "ReactComponent": Object {
            "$$typeof": Symbol(react.forward_ref),
            "render": [Function],
          },
          "__esModule": true,
          "default": "marvel-logo.svg",
        }
      }
    />
  </div>,
]
`;
